// Jest Snapshot v1, https://goo.gl/fbAQLP

exports[`calculator snapshot test 1`] = `
<div>
  <h3
    className="mathshead"
  >
    Calculator
  </h3>
  <div
    className="calc-container"
  >
    <div>
      <div
        className="calc-screen"
      >
        
      </div>
      <div
        className="buttons"
      >
        <button
          className=""
          onClick={[Function]}
          type="button"
        >
          AC
        </button>
        <button
          className=""
          onClick={[Function]}
          type="button"
        >
          +/-
        </button>
        <button
          className=""
          onClick={[Function]}
          type="button"
        >
          %
        </button>
        <button
          className="orange-button"
          onClick={[Function]}
          type="button"
        >
          รท
        </button>
        <button
          className=""
          onClick={[Function]}
          type="button"
        >
          7
        </button>
        <button
          className=""
          onClick={[Function]}
          type="button"
        >
          8
        </button>
        <button
          className=""
          onClick={[Function]}
          type="button"
        >
          9
        </button>
        <button
          className="orange-button"
          onClick={[Function]}
          type="button"
        >
          x
        </button>
        <button
          className=""
          onClick={[Function]}
          type="button"
        >
          4
        </button>
        <button
          className=""
          onClick={[Function]}
          type="button"
        >
          5
        </button>
        <button
          className=""
          onClick={[Function]}
          type="button"
        >
          6
        </button>
        <button
          className="orange-button"
          onClick={[Function]}
          type="button"
        >
          -
        </button>
        <button
          className=""
          onClick={[Function]}
          type="button"
        >
          1
        </button>
        <button
          className=""
          onClick={[Function]}
          type="button"
        >
          2
        </button>
        <button
          className=""
          onClick={[Function]}
          type="button"
        >
          3
        </button>
        <button
          className="orange-button"
          onClick={[Function]}
          type="button"
        >
          +
        </button>
        <button
          className="big-space"
          onClick={[Function]}
          type="button"
        >
          0
        </button>
        <button
          className=""
          onClick={[Function]}
          type="button"
        >
          .
        </button>
        <button
          className="orange-button"
          onClick={[Function]}
          type="button"
        >
          =
        </button>
      </div>
    </div>
  </div>
</div>
`;
