// Jest Snapshot v1, https://goo.gl/fbAQLP

exports[`Quotes snapshot test 1`] = `
<p>
  A paragraph is a series of sentences that are organized and coherent, and are all related to a single topic. Almost every piece of writing you do that is longer than a few sentences should be organized into paragraphs.
  <br />
  <br />
  sentences that are organized and coherent, and are all ra s
  <br />
  Math Magicians
</p>
`;
